/usr/bin/gcc -Wall -Wextra -Wpedantic -O3 -std=c99 -Wconversion -Wmissing-prototypes -DPARAMS=sphincs-shake-256f  -o test/benchmark test/cycles.c address.c randombytes.c merkle.c wots.c wotsx1.c utils.c utilsx1.c fors.c sign.c fips202.c hash_shake.c thash_shake_robust.c test/benchmark.c 
test/benchmark.c: In function ‘main’:
test/benchmark.c:95:44: warning: conversion from ‘__time_t’ {aka ‘long int’} to ‘double’ may change value [-Wconversion]
   95 |     result = ((stop.tv_sec - start.tv_sec) * 1e6 + \
      |                                            ^
test/benchmark.c:99:5: note: in expansion of macro ‘MEASURE_GENERIC’
   99 |     MEASURE_GENERIC(\
      |     ^~~~~~~~~~~~~~~
test/benchmark.c:147:5: note: in expansion of macro ‘MEASURT’
  147 |     MEASURT("thash                ", 1, thash(block, block, 1, &ctx, (uint32_t*)addr));
      |     ^~~~~~~
test/benchmark.c:96:40: warning: conversion from ‘__syscall_slong_t’ {aka ‘long int’} to ‘double’ may change value [-Wconversion]
   96 |         (stop.tv_nsec - start.tv_nsec) / 1e3) / (double)CORR;\
      |                                        ^
test/benchmark.c:99:5: note: in expansion of macro ‘MEASURE_GENERIC’
   99 |     MEASURE_GENERIC(\
      |     ^~~~~~~~~~~~~~~
test/benchmark.c:147:5: note: in expansion of macro ‘MEASURT’
  147 |     MEASURT("thash                ", 1, thash(block, block, 1, &ctx, (uint32_t*)addr));
      |     ^~~~~~~
test/benchmark.c:95:44: warning: conversion from ‘__time_t’ {aka ‘long int’} to ‘double’ may change value [-Wconversion]
   95 |     result = ((stop.tv_sec - start.tv_sec) * 1e6 + \
      |                                            ^
test/benchmark.c:107:36: note: in expansion of macro ‘MEASURE_GENERIC’
  107 | #define MEASURE(TEXT, MUL, FNCALL) MEASURE_GENERIC(TEXT, MUL, FNCALL, 1)
      |                                    ^~~~~~~~~~~~~~~
test/benchmark.c:148:5: note: in expansion of macro ‘MEASURE’
  148 |     MEASURE("Generating keypair.. ", 1, crypto_sign_keypair(pk, sk));
      |     ^~~~~~~
test/benchmark.c:96:40: warning: conversion from ‘__syscall_slong_t’ {aka ‘long int’} to ‘double’ may change value [-Wconversion]
   96 |         (stop.tv_nsec - start.tv_nsec) / 1e3) / (double)CORR;\
      |                                        ^
test/benchmark.c:107:36: note: in expansion of macro ‘MEASURE_GENERIC’
  107 | #define MEASURE(TEXT, MUL, FNCALL) MEASURE_GENERIC(TEXT, MUL, FNCALL, 1)
      |                                    ^~~~~~~~~~~~~~~
test/benchmark.c:148:5: note: in expansion of macro ‘MEASURE’
  148 |     MEASURE("Generating keypair.. ", 1, crypto_sign_keypair(pk, sk));
      |     ^~~~~~~
test/benchmark.c:95:44: warning: conversion from ‘__time_t’ {aka ‘long int’} to ‘double’ may change value [-Wconversion]
   95 |     result = ((stop.tv_sec - start.tv_sec) * 1e6 + \
      |                                            ^
test/benchmark.c:107:36: note: in expansion of macro ‘MEASURE_GENERIC’
  107 | #define MEASURE(TEXT, MUL, FNCALL) MEASURE_GENERIC(TEXT, MUL, FNCALL, 1)
      |                                    ^~~~~~~~~~~~~~~
test/benchmark.c:149:5: note: in expansion of macro ‘MEASURE’
  149 |     MEASURE("  - WOTS pk gen..    ", (1 << SPX_TREE_HEIGHT), wots_gen_pkx1(wots_pk, &ctx, (uint32_t *) addr));
      |     ^~~~~~~
test/benchmark.c:96:40: warning: conversion from ‘__syscall_slong_t’ {aka ‘long int’} to ‘double’ may change value [-Wconversion]
   96 |         (stop.tv_nsec - start.tv_nsec) / 1e3) / (double)CORR;\
      |                                        ^
test/benchmark.c:107:36: note: in expansion of macro ‘MEASURE_GENERIC’
  107 | #define MEASURE(TEXT, MUL, FNCALL) MEASURE_GENERIC(TEXT, MUL, FNCALL, 1)
      |                                    ^~~~~~~~~~~~~~~
test/benchmark.c:149:5: note: in expansion of macro ‘MEASURE’
  149 |     MEASURE("  - WOTS pk gen..    ", (1 << SPX_TREE_HEIGHT), wots_gen_pkx1(wots_pk, &ctx, (uint32_t *) addr));
      |     ^~~~~~~
test/benchmark.c:95:44: warning: conversion from ‘__time_t’ {aka ‘long int’} to ‘double’ may change value [-Wconversion]
   95 |     result = ((stop.tv_sec - start.tv_sec) * 1e6 + \
      |                                            ^
test/benchmark.c:107:36: note: in expansion of macro ‘MEASURE_GENERIC’
  107 | #define MEASURE(TEXT, MUL, FNCALL) MEASURE_GENERIC(TEXT, MUL, FNCALL, 1)
      |                                    ^~~~~~~~~~~~~~~
test/benchmark.c:150:5: note: in expansion of macro ‘MEASURE’
  150 |     MEASURE("Signing..            ", 1, crypto_sign(sm, &smlen, m, SPX_MLEN, sk));
      |     ^~~~~~~
test/benchmark.c:96:40: warning: conversion from ‘__syscall_slong_t’ {aka ‘long int’} to ‘double’ may change value [-Wconversion]
   96 |         (stop.tv_nsec - start.tv_nsec) / 1e3) / (double)CORR;\
      |                                        ^
test/benchmark.c:107:36: note: in expansion of macro ‘MEASURE_GENERIC’
  107 | #define MEASURE(TEXT, MUL, FNCALL) MEASURE_GENERIC(TEXT, MUL, FNCALL, 1)
      |                                    ^~~~~~~~~~~~~~~
test/benchmark.c:150:5: note: in expansion of macro ‘MEASURE’
  150 |     MEASURE("Signing..            ", 1, crypto_sign(sm, &smlen, m, SPX_MLEN, sk));
      |     ^~~~~~~
test/benchmark.c:95:44: warning: conversion from ‘__time_t’ {aka ‘long int’} to ‘double’ may change value [-Wconversion]
   95 |     result = ((stop.tv_sec - start.tv_sec) * 1e6 + \
      |                                            ^
test/benchmark.c:107:36: note: in expansion of macro ‘MEASURE_GENERIC’
  107 | #define MEASURE(TEXT, MUL, FNCALL) MEASURE_GENERIC(TEXT, MUL, FNCALL, 1)
      |                                    ^~~~~~~~~~~~~~~
test/benchmark.c:151:5: note: in expansion of macro ‘MEASURE’
  151 |     MEASURE("  - FORS signing..   ", 1, fors_sign(fors_sig, fors_pk, fors_m, &ctx, (uint32_t *) addr));
      |     ^~~~~~~
test/benchmark.c:96:40: warning: conversion from ‘__syscall_slong_t’ {aka ‘long int’} to ‘double’ may change value [-Wconversion]
   96 |         (stop.tv_nsec - start.tv_nsec) / 1e3) / (double)CORR;\
      |                                        ^
test/benchmark.c:107:36: note: in expansion of macro ‘MEASURE_GENERIC’
  107 | #define MEASURE(TEXT, MUL, FNCALL) MEASURE_GENERIC(TEXT, MUL, FNCALL, 1)
      |                                    ^~~~~~~~~~~~~~~
test/benchmark.c:151:5: note: in expansion of macro ‘MEASURE’
  151 |     MEASURE("  - FORS signing..   ", 1, fors_sign(fors_sig, fors_pk, fors_m, &ctx, (uint32_t *) addr));
      |     ^~~~~~~
test/benchmark.c:95:44: warning: conversion from ‘__time_t’ {aka ‘long int’} to ‘double’ may change value [-Wconversion]
   95 |     result = ((stop.tv_sec - start.tv_sec) * 1e6 + \
      |                                            ^
test/benchmark.c:107:36: note: in expansion of macro ‘MEASURE_GENERIC’
  107 | #define MEASURE(TEXT, MUL, FNCALL) MEASURE_GENERIC(TEXT, MUL, FNCALL, 1)
      |                                    ^~~~~~~~~~~~~~~
test/benchmark.c:152:5: note: in expansion of macro ‘MEASURE’
  152 |     MEASURE("  - WOTS pk gen..    ", SPX_D * (1 << SPX_TREE_HEIGHT), wots_gen_pkx1(wots_pk, &ctx, (uint32_t *) addr));
      |     ^~~~~~~
test/benchmark.c:96:40: warning: conversion from ‘__syscall_slong_t’ {aka ‘long int’} to ‘double’ may change value [-Wconversion]
   96 |         (stop.tv_nsec - start.tv_nsec) / 1e3) / (double)CORR;\
      |                                        ^
test/benchmark.c:107:36: note: in expansion of macro ‘MEASURE_GENERIC’
  107 | #define MEASURE(TEXT, MUL, FNCALL) MEASURE_GENERIC(TEXT, MUL, FNCALL, 1)
      |                                    ^~~~~~~~~~~~~~~
test/benchmark.c:152:5: note: in expansion of macro ‘MEASURE’
  152 |     MEASURE("  - WOTS pk gen..    ", SPX_D * (1 << SPX_TREE_HEIGHT), wots_gen_pkx1(wots_pk, &ctx, (uint32_t *) addr));
      |     ^~~~~~~
test/benchmark.c:95:44: warning: conversion from ‘__time_t’ {aka ‘long int’} to ‘double’ may change value [-Wconversion]
   95 |     result = ((stop.tv_sec - start.tv_sec) * 1e6 + \
      |                                            ^
test/benchmark.c:107:36: note: in expansion of macro ‘MEASURE_GENERIC’
  107 | #define MEASURE(TEXT, MUL, FNCALL) MEASURE_GENERIC(TEXT, MUL, FNCALL, 1)
      |                                    ^~~~~~~~~~~~~~~
test/benchmark.c:153:5: note: in expansion of macro ‘MEASURE’
  153 |     MEASURE("Verifying..          ", 1, crypto_sign_open(mout, &mlen, sm, smlen, pk));
      |     ^~~~~~~
test/benchmark.c:96:40: warning: conversion from ‘__syscall_slong_t’ {aka ‘long int’} to ‘double’ may change value [-Wconversion]
   96 |         (stop.tv_nsec - start.tv_nsec) / 1e3) / (double)CORR;\
      |                                        ^
test/benchmark.c:107:36: note: in expansion of macro ‘MEASURE_GENERIC’
  107 | #define MEASURE(TEXT, MUL, FNCALL) MEASURE_GENERIC(TEXT, MUL, FNCALL, 1)
      |                                    ^~~~~~~~~~~~~~~
test/benchmark.c:153:5: note: in expansion of macro ‘MEASURE’
  153 |     MEASURE("Verifying..          ", 1, crypto_sign_open(mout, &mlen, sm, smlen, pk));
      |     ^~~~~~~
Parameters: n = 32, h = 68, d = 17, b = 9, k = 35, w = 16
Running 10 iterations.
thash                avg.        0.65 us (0.00 sec); median          2,265 cycles,      1x:          2,265 cycles
Generating keypair.. avg.    10229.68 us (0.01 sec); median     38,810,958 cycles,      1x:     38,810,958 cycles
  - WOTS pk gen..    avg.      647.94 us (0.00 sec); median      2,457,897 cycles,     16x:     39,326,352 cycles
Signing..            avg.   200240.31 us (0.20 sec); median    759,728,965 cycles,      1x:    759,728,965 cycles
  - FORS signing..   avg.    27208.21 us (0.03 sec); median    103,250,028 cycles,      1x:    103,250,028 cycles
  - WOTS pk gen..    avg.      643.00 us (0.00 sec); median      2,432,342 cycles,    272x:    661,597,024 cycles
Verifying..          avg.     5540.38 us (0.01 sec); median     20,998,762 cycles,      1x:     20,998,762 cycles
Signature size: 49856 (48.69 KiB)
Public key size: 64 (0.06 KiB)
Secret key size: 128 (0.12 KiB)
