/usr/bin/gcc -Wall -Wextra -Wpedantic -O3 -std=c99 -Wconversion -Wmissing-prototypes -DPARAMS=sphincs-shake-192s  -o test/benchmark test/cycles.c address.c randombytes.c merkle.c wots.c wotsx1.c utils.c utilsx1.c fors.c sign.c fips202.c hash_shake.c thash_shake_robust.c test/benchmark.c 
test/benchmark.c: In function ‘main’:
test/benchmark.c:95:44: warning: conversion from ‘__time_t’ {aka ‘long int’} to ‘double’ may change value [-Wconversion]
   95 |     result = ((stop.tv_sec - start.tv_sec) * 1e6 + \
      |                                            ^
test/benchmark.c:99:5: note: in expansion of macro ‘MEASURE_GENERIC’
   99 |     MEASURE_GENERIC(\
      |     ^~~~~~~~~~~~~~~
test/benchmark.c:147:5: note: in expansion of macro ‘MEASURT’
  147 |     MEASURT("thash                ", 1, thash(block, block, 1, &ctx, (uint32_t*)addr));
      |     ^~~~~~~
test/benchmark.c:96:40: warning: conversion from ‘__syscall_slong_t’ {aka ‘long int’} to ‘double’ may change value [-Wconversion]
   96 |         (stop.tv_nsec - start.tv_nsec) / 1e3) / (double)CORR;\
      |                                        ^
test/benchmark.c:99:5: note: in expansion of macro ‘MEASURE_GENERIC’
   99 |     MEASURE_GENERIC(\
      |     ^~~~~~~~~~~~~~~
test/benchmark.c:147:5: note: in expansion of macro ‘MEASURT’
  147 |     MEASURT("thash                ", 1, thash(block, block, 1, &ctx, (uint32_t*)addr));
      |     ^~~~~~~
test/benchmark.c:95:44: warning: conversion from ‘__time_t’ {aka ‘long int’} to ‘double’ may change value [-Wconversion]
   95 |     result = ((stop.tv_sec - start.tv_sec) * 1e6 + \
      |                                            ^
test/benchmark.c:107:36: note: in expansion of macro ‘MEASURE_GENERIC’
  107 | #define MEASURE(TEXT, MUL, FNCALL) MEASURE_GENERIC(TEXT, MUL, FNCALL, 1)
      |                                    ^~~~~~~~~~~~~~~
test/benchmark.c:148:5: note: in expansion of macro ‘MEASURE’
  148 |     MEASURE("Generating keypair.. ", 1, crypto_sign_keypair(pk, sk));
      |     ^~~~~~~
test/benchmark.c:96:40: warning: conversion from ‘__syscall_slong_t’ {aka ‘long int’} to ‘double’ may change value [-Wconversion]
   96 |         (stop.tv_nsec - start.tv_nsec) / 1e3) / (double)CORR;\
      |                                        ^
test/benchmark.c:107:36: note: in expansion of macro ‘MEASURE_GENERIC’
  107 | #define MEASURE(TEXT, MUL, FNCALL) MEASURE_GENERIC(TEXT, MUL, FNCALL, 1)
      |                                    ^~~~~~~~~~~~~~~
test/benchmark.c:148:5: note: in expansion of macro ‘MEASURE’
  148 |     MEASURE("Generating keypair.. ", 1, crypto_sign_keypair(pk, sk));
      |     ^~~~~~~
test/benchmark.c:95:44: warning: conversion from ‘__time_t’ {aka ‘long int’} to ‘double’ may change value [-Wconversion]
   95 |     result = ((stop.tv_sec - start.tv_sec) * 1e6 + \
      |                                            ^
test/benchmark.c:107:36: note: in expansion of macro ‘MEASURE_GENERIC’
  107 | #define MEASURE(TEXT, MUL, FNCALL) MEASURE_GENERIC(TEXT, MUL, FNCALL, 1)
      |                                    ^~~~~~~~~~~~~~~
test/benchmark.c:149:5: note: in expansion of macro ‘MEASURE’
  149 |     MEASURE("  - WOTS pk gen..    ", (1 << SPX_TREE_HEIGHT), wots_gen_pkx1(wots_pk, &ctx, (uint32_t *) addr));
      |     ^~~~~~~
test/benchmark.c:96:40: warning: conversion from ‘__syscall_slong_t’ {aka ‘long int’} to ‘double’ may change value [-Wconversion]
   96 |         (stop.tv_nsec - start.tv_nsec) / 1e3) / (double)CORR;\
      |                                        ^
test/benchmark.c:107:36: note: in expansion of macro ‘MEASURE_GENERIC’
  107 | #define MEASURE(TEXT, MUL, FNCALL) MEASURE_GENERIC(TEXT, MUL, FNCALL, 1)
      |                                    ^~~~~~~~~~~~~~~
test/benchmark.c:149:5: note: in expansion of macro ‘MEASURE’
  149 |     MEASURE("  - WOTS pk gen..    ", (1 << SPX_TREE_HEIGHT), wots_gen_pkx1(wots_pk, &ctx, (uint32_t *) addr));
      |     ^~~~~~~
test/benchmark.c:95:44: warning: conversion from ‘__time_t’ {aka ‘long int’} to ‘double’ may change value [-Wconversion]
   95 |     result = ((stop.tv_sec - start.tv_sec) * 1e6 + \
      |                                            ^
test/benchmark.c:107:36: note: in expansion of macro ‘MEASURE_GENERIC’
  107 | #define MEASURE(TEXT, MUL, FNCALL) MEASURE_GENERIC(TEXT, MUL, FNCALL, 1)
      |                                    ^~~~~~~~~~~~~~~
test/benchmark.c:150:5: note: in expansion of macro ‘MEASURE’
  150 |     MEASURE("Signing..            ", 1, crypto_sign(sm, &smlen, m, SPX_MLEN, sk));
      |     ^~~~~~~
test/benchmark.c:96:40: warning: conversion from ‘__syscall_slong_t’ {aka ‘long int’} to ‘double’ may change value [-Wconversion]
   96 |         (stop.tv_nsec - start.tv_nsec) / 1e3) / (double)CORR;\
      |                                        ^
test/benchmark.c:107:36: note: in expansion of macro ‘MEASURE_GENERIC’
  107 | #define MEASURE(TEXT, MUL, FNCALL) MEASURE_GENERIC(TEXT, MUL, FNCALL, 1)
      |                                    ^~~~~~~~~~~~~~~
test/benchmark.c:150:5: note: in expansion of macro ‘MEASURE’
  150 |     MEASURE("Signing..            ", 1, crypto_sign(sm, &smlen, m, SPX_MLEN, sk));
      |     ^~~~~~~
test/benchmark.c:95:44: warning: conversion from ‘__time_t’ {aka ‘long int’} to ‘double’ may change value [-Wconversion]
   95 |     result = ((stop.tv_sec - start.tv_sec) * 1e6 + \
      |                                            ^
test/benchmark.c:107:36: note: in expansion of macro ‘MEASURE_GENERIC’
  107 | #define MEASURE(TEXT, MUL, FNCALL) MEASURE_GENERIC(TEXT, MUL, FNCALL, 1)
      |                                    ^~~~~~~~~~~~~~~
test/benchmark.c:151:5: note: in expansion of macro ‘MEASURE’
  151 |     MEASURE("  - FORS signing..   ", 1, fors_sign(fors_sig, fors_pk, fors_m, &ctx, (uint32_t *) addr));
      |     ^~~~~~~
test/benchmark.c:96:40: warning: conversion from ‘__syscall_slong_t’ {aka ‘long int’} to ‘double’ may change value [-Wconversion]
   96 |         (stop.tv_nsec - start.tv_nsec) / 1e3) / (double)CORR;\
      |                                        ^
test/benchmark.c:107:36: note: in expansion of macro ‘MEASURE_GENERIC’
  107 | #define MEASURE(TEXT, MUL, FNCALL) MEASURE_GENERIC(TEXT, MUL, FNCALL, 1)
      |                                    ^~~~~~~~~~~~~~~
test/benchmark.c:151:5: note: in expansion of macro ‘MEASURE’
  151 |     MEASURE("  - FORS signing..   ", 1, fors_sign(fors_sig, fors_pk, fors_m, &ctx, (uint32_t *) addr));
      |     ^~~~~~~
test/benchmark.c:95:44: warning: conversion from ‘__time_t’ {aka ‘long int’} to ‘double’ may change value [-Wconversion]
   95 |     result = ((stop.tv_sec - start.tv_sec) * 1e6 + \
      |                                            ^
test/benchmark.c:107:36: note: in expansion of macro ‘MEASURE_GENERIC’
  107 | #define MEASURE(TEXT, MUL, FNCALL) MEASURE_GENERIC(TEXT, MUL, FNCALL, 1)
      |                                    ^~~~~~~~~~~~~~~
test/benchmark.c:152:5: note: in expansion of macro ‘MEASURE’
  152 |     MEASURE("  - WOTS pk gen..    ", SPX_D * (1 << SPX_TREE_HEIGHT), wots_gen_pkx1(wots_pk, &ctx, (uint32_t *) addr));
      |     ^~~~~~~
test/benchmark.c:96:40: warning: conversion from ‘__syscall_slong_t’ {aka ‘long int’} to ‘double’ may change value [-Wconversion]
   96 |         (stop.tv_nsec - start.tv_nsec) / 1e3) / (double)CORR;\
      |                                        ^
test/benchmark.c:107:36: note: in expansion of macro ‘MEASURE_GENERIC’
  107 | #define MEASURE(TEXT, MUL, FNCALL) MEASURE_GENERIC(TEXT, MUL, FNCALL, 1)
      |                                    ^~~~~~~~~~~~~~~
test/benchmark.c:152:5: note: in expansion of macro ‘MEASURE’
  152 |     MEASURE("  - WOTS pk gen..    ", SPX_D * (1 << SPX_TREE_HEIGHT), wots_gen_pkx1(wots_pk, &ctx, (uint32_t *) addr));
      |     ^~~~~~~
test/benchmark.c:95:44: warning: conversion from ‘__time_t’ {aka ‘long int’} to ‘double’ may change value [-Wconversion]
   95 |     result = ((stop.tv_sec - start.tv_sec) * 1e6 + \
      |                                            ^
test/benchmark.c:107:36: note: in expansion of macro ‘MEASURE_GENERIC’
  107 | #define MEASURE(TEXT, MUL, FNCALL) MEASURE_GENERIC(TEXT, MUL, FNCALL, 1)
      |                                    ^~~~~~~~~~~~~~~
test/benchmark.c:153:5: note: in expansion of macro ‘MEASURE’
  153 |     MEASURE("Verifying..          ", 1, crypto_sign_open(mout, &mlen, sm, smlen, pk));
      |     ^~~~~~~
test/benchmark.c:96:40: warning: conversion from ‘__syscall_slong_t’ {aka ‘long int’} to ‘double’ may change value [-Wconversion]
   96 |         (stop.tv_nsec - start.tv_nsec) / 1e3) / (double)CORR;\
      |                                        ^
test/benchmark.c:107:36: note: in expansion of macro ‘MEASURE_GENERIC’
  107 | #define MEASURE(TEXT, MUL, FNCALL) MEASURE_GENERIC(TEXT, MUL, FNCALL, 1)
      |                                    ^~~~~~~~~~~~~~~
test/benchmark.c:153:5: note: in expansion of macro ‘MEASURE’
  153 |     MEASURE("Verifying..          ", 1, crypto_sign_open(mout, &mlen, sm, smlen, pk));
      |     ^~~~~~~
Parameters: n = 24, h = 63, d = 7, b = 14, k = 17, w = 16
Running 10 iterations.
thash                avg.        0.59 us (0.00 sec); median          2,227 cycles,      1x:          2,227 cycles
Generating keypair.. avg.   244537.79 us (0.24 sec); median    924,900,848 cycles,      1x:    924,900,848 cycles
  - WOTS pk gen..    avg.      482.80 us (0.00 sec); median      1,830,441 cycles,    512x:    937,185,792 cycles
Signing..            avg.  2230696.70 us (2.23 sec); median  8,313,574,298 cycles,      1x:  8,313,574,298 cycles
  - FORS signing..   avg.   429887.61 us (0.43 sec); median  1,630,565,845 cycles,      1x:  1,630,565,845 cycles
  - WOTS pk gen..    avg.      489.22 us (0.00 sec); median      1,854,780 cycles,   3584x:  6,647,531,520 cycles
Verifying..          avg.     2104.96 us (0.00 sec); median      7,974,091 cycles,      1x:      7,974,091 cycles
Signature size: 16224 (15.84 KiB)
Public key size: 48 (0.05 KiB)
Secret key size: 96 (0.09 KiB)
