/usr/bin/gcc -Wall -Wextra -Wpedantic -O3 -std=c99 -Wconversion -Wmissing-prototypes -DPARAMS=sphincs-shake-192f  -o test/benchmark test/cycles.c address.c randombytes.c merkle.c wots.c wotsx1.c utils.c utilsx1.c fors.c sign.c fips202.c hash_shake.c thash_shake_robust.c test/benchmark.c 
test/benchmark.c: In function ‘main’:
test/benchmark.c:95:44: warning: conversion from ‘__time_t’ {aka ‘long int’} to ‘double’ may change value [-Wconversion]
   95 |     result = ((stop.tv_sec - start.tv_sec) * 1e6 + \
      |                                            ^
test/benchmark.c:99:5: note: in expansion of macro ‘MEASURE_GENERIC’
   99 |     MEASURE_GENERIC(\
      |     ^~~~~~~~~~~~~~~
test/benchmark.c:147:5: note: in expansion of macro ‘MEASURT’
  147 |     MEASURT("thash                ", 1, thash(block, block, 1, &ctx, (uint32_t*)addr));
      |     ^~~~~~~
test/benchmark.c:96:40: warning: conversion from ‘__syscall_slong_t’ {aka ‘long int’} to ‘double’ may change value [-Wconversion]
   96 |         (stop.tv_nsec - start.tv_nsec) / 1e3) / (double)CORR;\
      |                                        ^
test/benchmark.c:99:5: note: in expansion of macro ‘MEASURE_GENERIC’
   99 |     MEASURE_GENERIC(\
      |     ^~~~~~~~~~~~~~~
test/benchmark.c:147:5: note: in expansion of macro ‘MEASURT’
  147 |     MEASURT("thash                ", 1, thash(block, block, 1, &ctx, (uint32_t*)addr));
      |     ^~~~~~~
test/benchmark.c:95:44: warning: conversion from ‘__time_t’ {aka ‘long int’} to ‘double’ may change value [-Wconversion]
   95 |     result = ((stop.tv_sec - start.tv_sec) * 1e6 + \
      |                                            ^
test/benchmark.c:107:36: note: in expansion of macro ‘MEASURE_GENERIC’
  107 | #define MEASURE(TEXT, MUL, FNCALL) MEASURE_GENERIC(TEXT, MUL, FNCALL, 1)
      |                                    ^~~~~~~~~~~~~~~
test/benchmark.c:148:5: note: in expansion of macro ‘MEASURE’
  148 |     MEASURE("Generating keypair.. ", 1, crypto_sign_keypair(pk, sk));
      |     ^~~~~~~
test/benchmark.c:96:40: warning: conversion from ‘__syscall_slong_t’ {aka ‘long int’} to ‘double’ may change value [-Wconversion]
   96 |         (stop.tv_nsec - start.tv_nsec) / 1e3) / (double)CORR;\
      |                                        ^
test/benchmark.c:107:36: note: in expansion of macro ‘MEASURE_GENERIC’
  107 | #define MEASURE(TEXT, MUL, FNCALL) MEASURE_GENERIC(TEXT, MUL, FNCALL, 1)
      |                                    ^~~~~~~~~~~~~~~
test/benchmark.c:148:5: note: in expansion of macro ‘MEASURE’
  148 |     MEASURE("Generating keypair.. ", 1, crypto_sign_keypair(pk, sk));
      |     ^~~~~~~
test/benchmark.c:95:44: warning: conversion from ‘__time_t’ {aka ‘long int’} to ‘double’ may change value [-Wconversion]
   95 |     result = ((stop.tv_sec - start.tv_sec) * 1e6 + \
      |                                            ^
test/benchmark.c:107:36: note: in expansion of macro ‘MEASURE_GENERIC’
  107 | #define MEASURE(TEXT, MUL, FNCALL) MEASURE_GENERIC(TEXT, MUL, FNCALL, 1)
      |                                    ^~~~~~~~~~~~~~~
test/benchmark.c:149:5: note: in expansion of macro ‘MEASURE’
  149 |     MEASURE("  - WOTS pk gen..    ", (1 << SPX_TREE_HEIGHT), wots_gen_pkx1(wots_pk, &ctx, (uint32_t *) addr));
      |     ^~~~~~~
test/benchmark.c:96:40: warning: conversion from ‘__syscall_slong_t’ {aka ‘long int’} to ‘double’ may change value [-Wconversion]
   96 |         (stop.tv_nsec - start.tv_nsec) / 1e3) / (double)CORR;\
      |                                        ^
test/benchmark.c:107:36: note: in expansion of macro ‘MEASURE_GENERIC’
  107 | #define MEASURE(TEXT, MUL, FNCALL) MEASURE_GENERIC(TEXT, MUL, FNCALL, 1)
      |                                    ^~~~~~~~~~~~~~~
test/benchmark.c:149:5: note: in expansion of macro ‘MEASURE’
  149 |     MEASURE("  - WOTS pk gen..    ", (1 << SPX_TREE_HEIGHT), wots_gen_pkx1(wots_pk, &ctx, (uint32_t *) addr));
      |     ^~~~~~~
test/benchmark.c:95:44: warning: conversion from ‘__time_t’ {aka ‘long int’} to ‘double’ may change value [-Wconversion]
   95 |     result = ((stop.tv_sec - start.tv_sec) * 1e6 + \
      |                                            ^
test/benchmark.c:107:36: note: in expansion of macro ‘MEASURE_GENERIC’
  107 | #define MEASURE(TEXT, MUL, FNCALL) MEASURE_GENERIC(TEXT, MUL, FNCALL, 1)
      |                                    ^~~~~~~~~~~~~~~
test/benchmark.c:150:5: note: in expansion of macro ‘MEASURE’
  150 |     MEASURE("Signing..            ", 1, crypto_sign(sm, &smlen, m, SPX_MLEN, sk));
      |     ^~~~~~~
test/benchmark.c:96:40: warning: conversion from ‘__syscall_slong_t’ {aka ‘long int’} to ‘double’ may change value [-Wconversion]
   96 |         (stop.tv_nsec - start.tv_nsec) / 1e3) / (double)CORR;\
      |                                        ^
test/benchmark.c:107:36: note: in expansion of macro ‘MEASURE_GENERIC’
  107 | #define MEASURE(TEXT, MUL, FNCALL) MEASURE_GENERIC(TEXT, MUL, FNCALL, 1)
      |                                    ^~~~~~~~~~~~~~~
test/benchmark.c:150:5: note: in expansion of macro ‘MEASURE’
  150 |     MEASURE("Signing..            ", 1, crypto_sign(sm, &smlen, m, SPX_MLEN, sk));
      |     ^~~~~~~
test/benchmark.c:95:44: warning: conversion from ‘__time_t’ {aka ‘long int’} to ‘double’ may change value [-Wconversion]
   95 |     result = ((stop.tv_sec - start.tv_sec) * 1e6 + \
      |                                            ^
test/benchmark.c:107:36: note: in expansion of macro ‘MEASURE_GENERIC’
  107 | #define MEASURE(TEXT, MUL, FNCALL) MEASURE_GENERIC(TEXT, MUL, FNCALL, 1)
      |                                    ^~~~~~~~~~~~~~~
test/benchmark.c:151:5: note: in expansion of macro ‘MEASURE’
  151 |     MEASURE("  - FORS signing..   ", 1, fors_sign(fors_sig, fors_pk, fors_m, &ctx, (uint32_t *) addr));
      |     ^~~~~~~
test/benchmark.c:96:40: warning: conversion from ‘__syscall_slong_t’ {aka ‘long int’} to ‘double’ may change value [-Wconversion]
   96 |         (stop.tv_nsec - start.tv_nsec) / 1e3) / (double)CORR;\
      |                                        ^
test/benchmark.c:107:36: note: in expansion of macro ‘MEASURE_GENERIC’
  107 | #define MEASURE(TEXT, MUL, FNCALL) MEASURE_GENERIC(TEXT, MUL, FNCALL, 1)
      |                                    ^~~~~~~~~~~~~~~
test/benchmark.c:151:5: note: in expansion of macro ‘MEASURE’
  151 |     MEASURE("  - FORS signing..   ", 1, fors_sign(fors_sig, fors_pk, fors_m, &ctx, (uint32_t *) addr));
      |     ^~~~~~~
test/benchmark.c:95:44: warning: conversion from ‘__time_t’ {aka ‘long int’} to ‘double’ may change value [-Wconversion]
   95 |     result = ((stop.tv_sec - start.tv_sec) * 1e6 + \
      |                                            ^
test/benchmark.c:107:36: note: in expansion of macro ‘MEASURE_GENERIC’
  107 | #define MEASURE(TEXT, MUL, FNCALL) MEASURE_GENERIC(TEXT, MUL, FNCALL, 1)
      |                                    ^~~~~~~~~~~~~~~
test/benchmark.c:152:5: note: in expansion of macro ‘MEASURE’
  152 |     MEASURE("  - WOTS pk gen..    ", SPX_D * (1 << SPX_TREE_HEIGHT), wots_gen_pkx1(wots_pk, &ctx, (uint32_t *) addr));
      |     ^~~~~~~
test/benchmark.c:96:40: warning: conversion from ‘__syscall_slong_t’ {aka ‘long int’} to ‘double’ may change value [-Wconversion]
   96 |         (stop.tv_nsec - start.tv_nsec) / 1e3) / (double)CORR;\
      |                                        ^
test/benchmark.c:107:36: note: in expansion of macro ‘MEASURE_GENERIC’
  107 | #define MEASURE(TEXT, MUL, FNCALL) MEASURE_GENERIC(TEXT, MUL, FNCALL, 1)
      |                                    ^~~~~~~~~~~~~~~
test/benchmark.c:152:5: note: in expansion of macro ‘MEASURE’
  152 |     MEASURE("  - WOTS pk gen..    ", SPX_D * (1 << SPX_TREE_HEIGHT), wots_gen_pkx1(wots_pk, &ctx, (uint32_t *) addr));
      |     ^~~~~~~
test/benchmark.c:95:44: warning: conversion from ‘__time_t’ {aka ‘long int’} to ‘double’ may change value [-Wconversion]
   95 |     result = ((stop.tv_sec - start.tv_sec) * 1e6 + \
      |                                            ^
test/benchmark.c:107:36: note: in expansion of macro ‘MEASURE_GENERIC’
  107 | #define MEASURE(TEXT, MUL, FNCALL) MEASURE_GENERIC(TEXT, MUL, FNCALL, 1)
      |                                    ^~~~~~~~~~~~~~~
test/benchmark.c:153:5: note: in expansion of macro ‘MEASURE’
  153 |     MEASURE("Verifying..          ", 1, crypto_sign_open(mout, &mlen, sm, smlen, pk));
      |     ^~~~~~~
test/benchmark.c:96:40: warning: conversion from ‘__syscall_slong_t’ {aka ‘long int’} to ‘double’ may change value [-Wconversion]
   96 |         (stop.tv_nsec - start.tv_nsec) / 1e3) / (double)CORR;\
      |                                        ^
test/benchmark.c:107:36: note: in expansion of macro ‘MEASURE_GENERIC’
  107 | #define MEASURE(TEXT, MUL, FNCALL) MEASURE_GENERIC(TEXT, MUL, FNCALL, 1)
      |                                    ^~~~~~~~~~~~~~~
test/benchmark.c:153:5: note: in expansion of macro ‘MEASURE’
  153 |     MEASURE("Verifying..          ", 1, crypto_sign_open(mout, &mlen, sm, smlen, pk));
      |     ^~~~~~~
Parameters: n = 24, h = 66, d = 22, b = 8, k = 33, w = 16
Running 10 iterations.
thash                avg.        0.60 us (0.00 sec); median          2,259 cycles,      1x:          2,259 cycles
Generating keypair.. avg.     3927.70 us (0.00 sec); median     14,898,394 cycles,      1x:     14,898,394 cycles
  - WOTS pk gen..    avg.      490.40 us (0.00 sec); median      1,855,559 cycles,      8x:     14,844,472 cycles
Signing..            avg.    99975.76 us (0.10 sec); median    378,580,149 cycles,      1x:    378,580,149 cycles
  - FORS signing..   avg.    12990.90 us (0.01 sec); median     49,244,048 cycles,      1x:     49,244,048 cycles
  - WOTS pk gen..    avg.      490.82 us (0.00 sec); median      1,864,603 cycles,    176x:    328,170,128 cycles
Verifying..          avg.     5636.58 us (0.01 sec); median     21,378,363 cycles,      1x:     21,378,363 cycles
Signature size: 35664 (34.83 KiB)
Public key size: 48 (0.05 KiB)
Secret key size: 96 (0.09 KiB)
